[demo2.themelexus.com/carutos/index.html]
[backblue.gif]
[fade.gif]
[index.html]
[demo2.themelexus.com/carutos/wp-content/cache/autoptimize/autoptimize_560495e1c27a65578593bece8ab18168.css]
[demo2.themelexus.com/carutos/wp-content/cache/autoptimize/autoptimize_single_15fb26a3dc40ac083efb771b97f6bc3e4cba.css]
[demo2.themelexus.com/carutos/feed/index.html]
[demo2.themelexus.com/carutos/comments/feed/index.html]
[demo2.themelexus.com/carutos/wp-content/cache/autoptimize/autoptimize_single_bea60c8b07d33913bf7aac23708ee4314cba.css]
[demo2.themelexus.com/carutos/wp-content/cache/autoptimize/autoptimize_single_c9ae8b3dc3a2681dcda6b352a443755e4cba.css]
[demo2.themelexus.com/carutos/wp-content/cache/autoptimize/autoptimize_single_024121b614df2090796af18604137d576cf5.css]
[demo2.themelexus.com/carutos/wp-includes/js/jquery/jquery4a5f.js]
[demo2.themelexus.com/carutos/xmlrpc0db0.php]
[demo2.themelexus.com/carutos/wp-includes/wlwmanifest.xml]
[demo2.themelexus.com/carutos/wp-json/index.html]
[demo2.themelexus.com/carutos/wp-json/oembed/1.0/embed57a0.json]
[demo2.themelexus.com/carutos/wp-json/oembed/1.0/embed63c0]
[demo2.themelexus.com/carutos/wp-content/uploads/2019/11/bg-breadcrumbs.jpg]
[demo2.themelexus.com/carutos/wp-content/themes/wpopalbootstrap/index.html]
[demo2.themelexus.com/carutos/wp-content/themes/wpopalbootstrap/assets/svg/loaders/audio.svg]
[demo2.themelexus.com/carutos/wp-content/uploads/2019/10/logo-white.svg]
[demo2.themelexus.com/carutos/wp-content/uploads/2019/10/logo.svg]
[demo2.themelexus.com/carutos/appointment/index.html]
[demo2.themelexus.com/carutos/wp-content/uploads/2019/10/h1-slide-2.jpg]
[demo2.themelexus.com/carutos/home-2/index.html]
[demo2.themelexus.com/carutos/home-3/index.html]
[demo2.themelexus.com/carutos/home-4/index.html]
[demo2.themelexus.com/carutos/home-5/index.html]
[demo2.themelexus.com/carutos/wp-content/uploads/2019/10/h1-slide-1.jpg]
[demo2.themelexus.com/carutos/home-6/index.html]
[demo2.themelexus.com/carutos/home-7/index.html]
[demo2.themelexus.com/carutos/home-8/index.html]
[demo2.themelexus.com/carutos/our-services/index.html]
[demo2.themelexus.com/carutos/wp-content/uploads/2019/10/h1-banner-1.jpg]
[demo2.themelexus.com/carutos/wp-content/uploads/2019/10/tire-and-wheel-services.svg]
[demo2.themelexus.com/carutos/our-services-02/index.html]
[demo2.themelexus.com/carutos/services/system-service/index.html]
[demo2.themelexus.com/carutos/services/engine-diagnostics/index.html]
[demo2.themelexus.com/carutos/wp-content/uploads/2019/10/painting-works.svg]
[demo2.themelexus.com/carutos/services/drivability-problems/index.html]
[demo2.themelexus.com/carutos/wp-content/uploads/2019/10/maintenance-packages.svg]
[demo2.themelexus.com/carutos/services/automotive-filters/index.html]
[demo2.themelexus.com/carutos/about-us/index.html]
[demo2.themelexus.com/carutos/wp-content/uploads/2019/10/electrical-system.svg]
[demo2.themelexus.com/carutos/awards-regconition/index.html]
[demo2.themelexus.com/carutos/career/index.html]
[demo2.themelexus.com/carutos/wp-content/uploads/2019/11/Layer-114.jpg]
[demo2.themelexus.com/carutos/career-carwash/index.html]
[demo2.themelexus.com/carutos/our-team/index.html]
[demo2.themelexus.com/carutos/faq/index.html]
[demo2.themelexus.com/carutos/wp-content/uploads/2019/11/Layer-114-440x360.jpg]
[demo2.themelexus.com/carutos/page-404/index.html]
[demo2.themelexus.com/carutos/coming-soon/index.html]
[demo2.themelexus.com/carutos/blog/index.html]
[demo2.themelexus.com/carutos/wp-content/uploads/2019/11/Layer-117.jpg]
[demo2.themelexus.com/carutos/blog/index7a72.html]
[demo2.themelexus.com/carutos/blog/index076c.html]
[demo2.themelexus.com/carutos/blog/index944d.html]
[demo2.themelexus.com/carutos/blog/index290a.html]
[demo2.themelexus.com/carutos/blog/index8efd.html]
[demo2.themelexus.com/carutos/auto-car-repairing/index.html]
[demo2.themelexus.com/carutos/wp-content/uploads/2019/11/Layer-117-440x360.jpg]
[demo2.themelexus.com/carutos/wp-content/uploads/2019/10/blog-19.jpg]
[demo2.themelexus.com/carutos/shop/index.html]
[demo2.themelexus.com/carutos/wp-content/uploads/2019/10/blog-19-440x360.jpg]
[demo2.themelexus.com/carutos/cart/index.html]
[demo2.themelexus.com/carutos/my-account/index.html]
[demo2.themelexus.com/carutos/contact/index.html]
[demo2.themelexus.com/carutos/wp-content/uploads/2019/11/Layer-116.jpg]
[demo2.themelexus.com/carutos/services/tire-and-wheel/index.html]
[demo2.themelexus.com/carutos/services/electrical-system/index.html]
[demo2.themelexus.com/carutos/wp-content/uploads/2019/11/Layer-116-440x360.jpg]
[demo2.themelexus.com/carutos/wp-content/uploads/2019/11/Layer-34.jpg]
[demo2.themelexus.com/carutos/wp-content/uploads/2019/11/Layer-34-440x360.jpg]
[demo2.themelexus.com/carutos/wp-content/uploads/2019/10/blog-13.jpg]
[demo2.themelexus.com/carutos/wp-content/uploads/2019/10/blog-13-440x360.jpg]
[demo2.themelexus.com/carutos/wp-content/uploads/2019/11/avatar.png]
[demo2.themelexus.com/carutos/wp-content/uploads/2019/11/avatar-1.png]
[demo2.themelexus.com/carutos/wp-content/uploads/2019/10/banner-testi.jpg]
[demo2.themelexus.com/carutos/index.html]
[demo2.themelexus.com/carutos/wp-content/themes/wpopalbootstrap/assets/fonts/fontawesome-webfont3e6e.eot]
[demo2.themelexus.com/carutos/wp-content/plugins/contact-form-7/images/ajax-loader.gif]
[demo2.themelexus.com/carutos/wp-content/plugins/opal-service/assets/js/owl-carousel/grabbing.png]
[demo2.themelexus.com/carutos/wp-content/plugins/opal-service/assets/css/fontpicker/consultek/fonts/consultek.eot]
[demo2.themelexus.com/carutos/wp-content/plugins/revslider/public/assets/fonts/revicons/revicons90c6.eot]
[demo2.themelexus.com/carutos/wp-content/plugins/yith-woocommerce-compare/assets/images/colorbox/controls.png]
[demo2.themelexus.com/carutos/wp-content/plugins/woocommerce/assets/fonts/star.eot]
[demo2.themelexus.com/carutos/wp-content/plugins/yith-woocommerce-wishlist/assets/images/jquery.selectBox-arrow.gif]
[demo2.themelexus.com/carutos/wp-content/plugins/elementor/assets/lib/eicons/fonts/eiconsdb5f.eot]
[demo2.themelexus.com/carutos/wp-content/plugins/elementor/assets/lib/font-awesome/webfonts/fa-brands-400.eot]
[demo2.themelexus.com/carutos/wp-content/themes/wpopalbootstrap/assets/css/assets/fonts/lexus-icon.31.delayed]
[demo2.themelexus.com/carutos/wp-content/themes/wpopalbootstrap/assets/fonts/lexus-icon.eot]
[demo2.themelexus.com/carutos/wp-content/plugins/woocommerce/assets/css/photoswipe/default-skin/default-skin.png]
[demo2.themelexus.com/carutos/wp-content/cache/autoptimize/autoptimize_560495e1c27a65578593bece8ab18168.css]
[demo2.themelexus.com/carutos/wp-content/cache/autoptimize/autoptimize_single_15fb26a3dc40ac083efb771b97f6bc3e4cba.css]
[demo2.themelexus.com/carutos/wp-content/cache/autoptimize/autoptimize_single_bea60c8b07d33913bf7aac23708ee4314cba.css]
[demo2.themelexus.com/carutos/wp-content/cache/autoptimize/autoptimize_single_c9ae8b3dc3a2681dcda6b352a443755e4cba.css]
[demo2.themelexus.com/carutos/wp-content/uploads/2019/11/74459657_2463870610521139_8280396758538780672_n.png]
[demo2.themelexus.com/carutos/wp-content/uploads/2019/10/bg-video-1.jpg]
[demo2.themelexus.com/carutos/wp-content/uploads/2019/10/bg-service.png]
[demo2.themelexus.com/carutos/wp-content/uploads/2019/10/bg-worldmap-1.jpg]
[demo2.themelexus.com/carutos/wp-content/cache/autoptimize/autoptimize_single_024121b614df2090796af18604137d576cf5.css]
[demo2.themelexus.com/carutos/wp-admin/admin-ajax.html]
[demo2.themelexus.com/carutos/wp-content/themes/wpopalbootstrap/index.html]
[demo2.themelexus.com/carutos/wp-content/themes/wpopalbootstrap/assets/svg/loaders/audio.svg]
[demo2.themelexus.com/carutos/wp-content/uploads/2019/10/logo-white.svg]
[demo2.themelexus.com/carutos/wp-content/cache/autoptimize/autoptimize_e2bfc354406cc816cb55ffd9c19833ba.css]
[demo2.themelexus.com/carutos/wp-content/cache/autoptimize/autoptimize_single_c4767295b4380965e7b6b01b49bf853a69eb.css]
[demo2.themelexus.com/carutos/wp-content/cache/autoptimize/autoptimize_single_40c47eec0a7be2fdd9b362c8863955b0dadb.css]
[demo2.themelexus.com/carutos/wp-content/cache/autoptimize/autoptimize_single_8a756a2222b22736337c7c49cafa6190d19c.css]
[demo2.themelexus.com/carutos/wp-content/cache/autoptimize/autoptimize_ac86d7a05b76266fbaf489f31e40a0f9.php]
[demo2.themelexus.com/carutos/wp-json/oembed/1.0/embed904f.json]
[demo2.themelexus.com/carutos/wp-json/oembed/1.0/embed23c1]
[demo2.themelexus.com/carutos/wp-content/uploads/2019/11/appointment.png]
[demo2.themelexus.com/carutos/wp-content/uploads/2019/10/logo-footer.png]
[demo2.themelexus.com/carutos/appointment/index.html]
[demo2.themelexus.com/carutos/wp-content/cache/autoptimize/autoptimize_59ad5768c80d2efefb41ce0b3d1a1121.css]
[demo2.themelexus.com/carutos/wp-content/cache/autoptimize/autoptimize_single_7e721361fa9d7bdee41a0cdccccb9b804906.css]
[demo2.themelexus.com/carutos/wp-content/cache/autoptimize/autoptimize_single_1c6b00b4f3ccd86a53f824360e72ae2f4906.css]
[demo2.themelexus.com/carutos/wp-content/cache/autoptimize/autoptimize_single_501af8725dfd8231b0cc231bcdf0ff754906.css]
[demo2.themelexus.com/carutos/wp-json/oembed/1.0/embed424a.json]
[demo2.themelexus.com/carutos/wp-json/oembed/1.0/embede551]
[demo2.themelexus.com/carutos/wp-content/uploads/2019/11/Layer-403.jpg]
[demo2.themelexus.com/carutos/wp-content/uploads/2019/11/image_09.jpg]
[demo2.themelexus.com/carutos/wp-content/uploads/2019/11/bmw-mechanical-repairs.jpg]
[demo2.themelexus.com/carutos/wp-content/uploads/2019/11/car-body-repair.jpg]
[demo2.themelexus.com/carutos/wp-content/uploads/2019/10/brake-repair.svg]
[demo2.themelexus.com/carutos/wp-content/uploads/2019/10/automotive-filters.svg]
[demo2.themelexus.com/carutos/wp-content/uploads/elementor/thumbs/Layer-114-p8cih5gd9cnuhgh2tfz2vnikrenpxk5mscgolz39u0.jpg]
[demo2.themelexus.com/carutos/wp-content/uploads/elementor/thumbs/Layer-117-p8cih5gd9cnuhgh2tfz2vnikrenpxk5mscgolz39u0.jpg]
[demo2.themelexus.com/carutos/wp-content/uploads/elementor/thumbs/blog-19-p8cigztc4cg4jsp9qdjbgoxt73findj8rkjrqbbmvc.jpg]
[demo2.themelexus.com/carutos/home-2/index.html]
[demo2.themelexus.com/carutos/home-3/index.html]
[demo2.themelexus.com/carutos/home-4/index.html]
[demo2.themelexus.com/carutos/home-5/index.html]
[demo2.themelexus.com/carutos/home-6/index.html]
[demo2.themelexus.com/carutos/home-7/index.html]
[demo2.themelexus.com/carutos/home-8/index.html]
[demo2.themelexus.com/carutos/our-services/index.html]
[demo2.themelexus.com/carutos/our-services-02/index.html]
[demo2.themelexus.com/carutos/services/system-service/index.html]
[demo2.themelexus.com/carutos/services/engine-diagnostics/index.html]
[demo2.themelexus.com/carutos/services/drivability-problems/index.html]
[demo2.themelexus.com/carutos/services/automotive-filters/index.html]
[demo2.themelexus.com/carutos/about-us/index.html]
[demo2.themelexus.com/carutos/awards-regconition/index.html]
[demo2.themelexus.com/carutos/career/index.html]
[demo2.themelexus.com/carutos/wp-content/cache/autoptimize/autoptimize_a807bda3ff9a6ab34e216954697e9aa0.php]
[demo2.themelexus.com/carutos/career-carwash/index.html]
[demo2.themelexus.com/carutos/our-team/index.html]
[demo2.themelexus.com/carutos/faq/index.html]
[demo2.themelexus.com/carutos/page-404/index.html]
[demo2.themelexus.com/carutos/coming-soon/index.html]
[demo2.themelexus.com/carutos/blog/index.html]
[demo2.themelexus.com/carutos/blog/index7a72.html]
[demo2.themelexus.com/carutos/blog/index944d.html]
[demo2.themelexus.com/carutos/blog/index076c.html]
[demo2.themelexus.com/carutos/blog/index290a.html]
[demo2.themelexus.com/carutos/blog/index8efd.html]
[demo2.themelexus.com/carutos/auto-car-repairing/index.html]
[demo2.themelexus.com/carutos/shop/index.html]
[demo2.themelexus.com/carutos/cart/index.html]
[demo2.themelexus.com/carutos/checkout/index.html]
[demo2.themelexus.com/carutos/my-account/index.html]
[demo2.themelexus.com/carutos/contact/index.html]
[demo2.themelexus.com/carutos/wp-content/uploads/2019/10/logo.svg]
[demo2.themelexus.com/carutos/wp-content/uploads/2019/10/tire-and-wheel-services.svg]
[demo2.themelexus.com/carutos/services/tire-and-wheel/index.html]
[demo2.themelexus.com/carutos/wp-content/uploads/2019/10/painting-works.svg]
[demo2.themelexus.com/carutos/services/electrical-system/index.html]
[demo2.themelexus.com/carutos/wp-content/uploads/2019/10/maintenance-packages.svg]
[demo2.themelexus.com/carutos/wp-content/uploads/2019/10/electrical-system.svg]
[demo2.themelexus.com/carutos/wp-content/themes/wpopalbootstrap/assets/css/assets/fonts/lexus-icon.html]
[demo2.themelexus.com/carutos/wp-content/cache/autoptimize/autoptimize_e2bfc354406cc816cb55ffd9c19833ba.css]
[demo2.themelexus.com/carutos/wp-content/cache/autoptimize/autoptimize_single_c4767295b4380965e7b6b01b49bf853a69eb.css]
[demo2.themelexus.com/carutos/wp-content/cache/autoptimize/autoptimize_single_40c47eec0a7be2fdd9b362c8863955b0dadb.css]
[demo2.themelexus.com/carutos/wp-content/cache/autoptimize/autoptimize_single_8a756a2222b22736337c7c49cafa6190d19c.css]
[demo2.themelexus.com/carutos/indexe54d.html]
[demo2.themelexus.com/carutos/wp-content/cache/autoptimize/autoptimize_59ad5768c80d2efefb41ce0b3d1a1121.css]
[demo2.themelexus.com/carutos/wp-content/cache/autoptimize/autoptimize_single_7e721361fa9d7bdee41a0cdccccb9b804906.css]
[demo2.themelexus.com/carutos/wp-content/cache/autoptimize/autoptimize_single_1c6b00b4f3ccd86a53f824360e72ae2f4906.css]
[demo2.themelexus.com/carutos/wp-content/cache/autoptimize/autoptimize_single_501af8725dfd8231b0cc231bcdf0ff754906.css]
[demo2.themelexus.com/carutos/index970c.html]
[demo2.themelexus.com/carutos/wp-content/uploads/2019/10/brake-repair.svg]
[demo2.themelexus.com/carutos/wp-content/uploads/2019/10/automotive-filters.svg]
